[100%] Built target teleop_control
-- Install configuration: ""
-- Execute custom install script
-- Up-to-date symlink: /home/vijay/roverr_ws/install/k12_description/lib/k12_description/teleop_control
-- Up-to-date symlink: /home/vijay/roverr_ws/install/k12_description/share/k12_description/launch/display.launch.py
-- Up-to-date symlink: /home/vijay/roverr_ws/install/k12_description/share/k12_description/launch/gazebo.launch.py
-- Up-to-date symlink: /home/vijay/roverr_ws/install/k12_description/share/k12_description/launch/navigation.launch.py
-- Up-to-date symlink: /home/vijay/roverr_ws/install/k12_description/share/k12_description/launch/online_async.launch.py
-- Up-to-date symlink: /home/vijay/roverr_ws/install/k12_description/share/k12_description/meshes/base_link.stl
-- Up-to-date symlink: /home/vijay/roverr_ws/install/k12_description/share/k12_description/meshes/cam_1.stl
-- Up-to-date symlink: /home/vijay/roverr_ws/install/k12_description/share/k12_description/meshes/gps_1.stl
-- Up-to-date symlink: /home/vijay/roverr_ws/install/k12_description/share/k12_description/meshes/imu_1.stl
-- Up-to-date symlink: /home/vijay/roverr_ws/install/k12_description/share/k12_description/meshes/left_back_1.stl
-- Up-to-date symlink: /home/vijay/roverr_ws/install/k12_description/share/k12_description/meshes/left_front_1.stl
-- Up-to-date symlink: /home/vijay/roverr_ws/install/k12_description/share/k12_description/meshes/lidar_1.stl
-- Up-to-date symlink: /home/vijay/roverr_ws/install/k12_description/share/k12_description/meshes/right_back_1.stl
-- Up-to-date symlink: /home/vijay/roverr_ws/install/k12_description/share/k12_description/meshes/right_front_1.stl
-- Up-to-date symlink: /home/vijay/roverr_ws/install/k12_description/share/k12_description/urdf/k12.gazebo
-- Up-to-date symlink: /home/vijay/roverr_ws/install/k12_description/share/k12_description/urdf/k12.trans
-- Up-to-date symlink: /home/vijay/roverr_ws/install/k12_description/share/k12_description/urdf/k12.xacro
-- Up-to-date symlink: /home/vijay/roverr_ws/install/k12_description/share/k12_description/urdf/materials.xacro
-- Up-to-date symlink: /home/vijay/roverr_ws/install/k12_description/share/k12_description/config/mapper_params_online_async.yaml
-- Up-to-date symlink: /home/vijay/roverr_ws/install/k12_description/share/k12_description/models/my_model/model.config
-- Up-to-date symlink: /home/vijay/roverr_ws/install/k12_description/share/k12_description/models/my_model/model.sdf
-- Up-to-date symlink: /home/vijay/roverr_ws/install/k12_description/share/k12_description/worlds/rover_gazebo.world
-- Up-to-date symlink: /home/vijay/roverr_ws/install/k12_description/share/ament_index/resource_index/package_run_dependencies/k12_description
-- Up-to-date symlink: /home/vijay/roverr_ws/install/k12_description/share/ament_index/resource_index/parent_prefix_path/k12_description
-- Up-to-date symlink: /home/vijay/roverr_ws/install/k12_description/share/k12_description/environment/ament_prefix_path.sh
-- Up-to-date symlink: /home/vijay/roverr_ws/install/k12_description/share/k12_description/environment/ament_prefix_path.dsv
-- Up-to-date symlink: /home/vijay/roverr_ws/install/k12_description/share/k12_description/environment/path.sh
-- Up-to-date symlink: /home/vijay/roverr_ws/install/k12_description/share/k12_description/environment/path.dsv
-- Up-to-date symlink: /home/vijay/roverr_ws/install/k12_description/share/k12_description/local_setup.bash
-- Up-to-date symlink: /home/vijay/roverr_ws/install/k12_description/share/k12_description/local_setup.sh
-- Up-to-date symlink: /home/vijay/roverr_ws/install/k12_description/share/k12_description/local_setup.zsh
-- Up-to-date symlink: /home/vijay/roverr_ws/install/k12_description/share/k12_description/local_setup.dsv
-- Symlinking: /home/vijay/roverr_ws/install/k12_description/share/k12_description/package.dsv
-- Up-to-date symlink: /home/vijay/roverr_ws/install/k12_description/share/ament_index/resource_index/packages/k12_description
-- Up-to-date symlink: /home/vijay/roverr_ws/install/k12_description/share/k12_description/cmake/k12_descriptionConfig.cmake
-- Up-to-date symlink: /home/vijay/roverr_ws/install/k12_description/share/k12_description/cmake/k12_descriptionConfig-version.cmake
-- Up-to-date symlink: /home/vijay/roverr_ws/install/k12_description/share/k12_description/package.xml
