[0.007s] Invoking command in '/home/vijay/roverr_ws/build/k12_description': CMAKE_PREFIX_PATH=/opt/ros/humble /usr/bin/cmake /home/vijay/roverr_ws/src/k12_description -DCMAKE_INSTALL_PREFIX=/home/vijay/roverr_ws/install/k12_description
[0.017s] -- Found ament_cmake: 1.3.11 (/opt/ros/humble/share/ament_cmake/cmake)
[0.101s] -- Override CMake install command with custom implementation using symlinks instead of copying resources
[0.105s] -- Found rclcpp: 16.0.11 (/opt/ros/humble/share/rclcpp/cmake)
[0.123s] -- Found rosidl_generator_c: 3.1.6 (/opt/ros/humble/share/rosidl_generator_c/cmake)
[0.124s] -- Found rosidl_adapter: 3.1.6 (/opt/ros/humble/share/rosidl_adapter/cmake)
[0.128s] -- Found rosidl_generator_cpp: 3.1.6 (/opt/ros/humble/share/rosidl_generator_cpp/cmake)
[0.134s] -- Using all available rosidl_typesupport_c: rosidl_typesupport_fastrtps_c;rosidl_typesupport_introspection_c
[0.141s] -- Using all available rosidl_typesupport_cpp: rosidl_typesupport_fastrtps_cpp;rosidl_typesupport_introspection_cpp
[0.159s] -- Found rmw_implementation_cmake: 6.1.2 (/opt/ros/humble/share/rmw_implementation_cmake/cmake)
[0.160s] -- Found rmw_fastrtps_cpp: 6.2.7 (/opt/ros/humble/share/rmw_fastrtps_cpp/cmake)
[0.236s] -- Using RMW implementation 'rmw_fastrtps_cpp' as default
[0.267s] -- Found geometry_msgs: 4.2.4 (/opt/ros/humble/share/geometry_msgs/cmake)
[0.275s] -- Found sensor_msgs: 4.2.4 (/opt/ros/humble/share/sensor_msgs/cmake)
[0.284s] -- Found gazebo_ros: 3.9.0 (/opt/ros/humble/share/gazebo_ros/cmake)
[0.307s] -- Found DART: /usr/include (Required is at least version "6.6") found components: dart 
[0.331s] -- Found Protobuf: /usr/lib/x86_64-linux-gnu/libprotobuf.so (found version "3.12.4") 
[0.332s] -- Looking for ignition-math6 -- found version 6.15.1
[0.336s] -- Searching for dependencies of ignition-math6
[0.337s] -- Looking for OGRE...
[0.344s] -- Found Ogre Ghadamon (1.9.0)
[0.344s] -- Found OGRE: optimized;/usr/lib/x86_64-linux-gnu/libOgreMain.so;debug;/usr/lib/x86_64-linux-gnu/libOgreMain.so
[0.351s] -- Looking for OGRE_Paging...
[0.351s] -- Found OGRE_Paging: optimized;/usr/lib/x86_64-linux-gnu/libOgrePaging.so;debug;/usr/lib/x86_64-linux-gnu/libOgrePaging.so
[0.351s] -- Looking for OGRE_Terrain...
[0.351s] -- Found OGRE_Terrain: optimized;/usr/lib/x86_64-linux-gnu/libOgreTerrain.so;debug;/usr/lib/x86_64-linux-gnu/libOgreTerrain.so
[0.351s] -- Looking for OGRE_Property...
[0.351s] -- Found OGRE_Property: optimized;/usr/lib/x86_64-linux-gnu/libOgreProperty.so;debug;/usr/lib/x86_64-linux-gnu/libOgreProperty.so
[0.351s] -- Looking for OGRE_RTShaderSystem...
[0.351s] -- Found OGRE_RTShaderSystem: optimized;/usr/lib/x86_64-linux-gnu/libOgreRTShaderSystem.so;debug;/usr/lib/x86_64-linux-gnu/libOgreRTShaderSystem.so
[0.352s] -- Looking for OGRE_Volume...
[0.352s] -- Found OGRE_Volume: optimized;/usr/lib/x86_64-linux-gnu/libOgreVolume.so;debug;/usr/lib/x86_64-linux-gnu/libOgreVolume.so
[0.352s] -- Looking for OGRE_Overlay...
[0.352s] -- Found OGRE_Overlay: optimized;/usr/lib/x86_64-linux-gnu/libOgreOverlay.so;debug;/usr/lib/x86_64-linux-gnu/libOgreOverlay.so
[0.419s] -- Looking for ignition-math6 -- found version 6.15.1
[0.419s] -- Looking for ignition-transport8 -- found version 8.2.1
[0.420s] -- Searching for dependencies of ignition-transport8
[0.433s] -- Found Protobuf: /usr/lib/x86_64-linux-gnu/libprotobuf.so (found suitable version "3.12.4", minimum required is "3") 
[0.441s] -- Config-file not installed for ZeroMQ -- checking for pkg-config
[0.445s] -- Checking for module 'libzmq >= 4'
[0.456s] --   Found libzmq , version 4.3.4
[0.498s] -- Checking for module 'uuid'
[0.508s] --   Found uuid, version 2.37.2
[0.539s] -- Looking for ignition-msgs5 -- found version 5.8.1
[0.539s] -- Searching for dependencies of ignition-msgs5
[0.554s] -- Looking for ignition-math6 -- found version 6.15.1
[0.558s] -- Checking for module 'tinyxml2'
[0.568s] --   Found tinyxml2, version 9.0.0
[0.600s] -- Looking for ignition-msgs5 -- found version 5.8.1
[0.600s] -- Looking for ignition-common3 -- found version 3.14.0
[0.600s] -- Searching for dependencies of ignition-common3
[0.600s] -- Looking for dlfcn.h - found
[0.601s] -- Looking for libdl - found
[0.612s] -- Searching for <ignition-common3> component [graphics]
[0.612s] -- Looking for ignition-common3-graphics -- found version 3.14.0
[0.613s] -- Searching for dependencies of ignition-common3-graphics
[0.613s] -- Looking for ignition-math6 -- found version 6.15.1
[0.614s] -- Looking for ignition-fuel_tools4 -- found version 4.4.0
[0.614s] -- Searching for dependencies of ignition-fuel_tools4
[0.645s] -- Checking for module 'jsoncpp'
[0.657s] --   Found jsoncpp, version 1.9.5
[0.702s] -- Checking for module 'libzip'
[0.715s] --   Found libzip, version 1.7.3
[0.750s] -- Looking for ignition-common3 -- found version 3.14.0
[0.750s] -- Looking for ignition-math6 -- found version 6.15.1
[0.750s] -- Looking for ignition-msgs5 -- found version 5.8.1
[0.751s] -- Gazebo version: 11.10
[0.751s] -- Found urdf: 2.6.1 (/opt/ros/humble/share/urdf/cmake)
[0.766s] -- Found tf2_ros: 0.25.12 (/opt/ros/humble/share/tf2_ros/cmake)
[0.814s] -- Found ament_lint_auto: 0.12.11 (/opt/ros/humble/share/ament_lint_auto/cmake)
[0.893s] -- Added test 'cppcheck' to perform static code analysis on C / C++ code
[0.893s] -- Configured cppcheck include dirs: /home/vijay/roverr_ws/src/k12_description/include
[0.893s] -- Configured cppcheck exclude dirs and/or files: 
[0.893s] -- Added test 'flake8' to check Python code syntax and style conventions
[0.893s] -- Added test 'lint_cmake' to check CMake code style
[0.893s] -- Added test 'pep257' to check Python code against some of the docstring style conventions in PEP 257
[0.894s] -- Added test 'uncrustify' to check C / C++ code style
[0.894s] -- Configured uncrustify additional arguments: 
[0.894s] -- Added test 'xmllint' to check XML markup files
[0.895s] -- Configuring done
[0.900s] -- Generating done
[0.902s] -- Build files have been written to: /home/vijay/roverr_ws/build/k12_description
[0.911s] Invoked command in '/home/vijay/roverr_ws/build/k12_description' returned '0': CMAKE_PREFIX_PATH=/opt/ros/humble /usr/bin/cmake /home/vijay/roverr_ws/src/k12_description -DCMAKE_INSTALL_PREFIX=/home/vijay/roverr_ws/install/k12_description
[0.913s] Invoking command in '/home/vijay/roverr_ws/build/k12_description': CMAKE_PREFIX_PATH=/opt/ros/humble /usr/bin/cmake --build /home/vijay/roverr_ws/build/k12_description -- -j12 -l12
[0.946s] [35m[1mConsolidate compiler generated dependencies of target teleop_control[0m
[0.956s] [100%] Built target teleop_control
[0.965s] Invoked command in '/home/vijay/roverr_ws/build/k12_description' returned '0': CMAKE_PREFIX_PATH=/opt/ros/humble /usr/bin/cmake --build /home/vijay/roverr_ws/build/k12_description -- -j12 -l12
[0.972s] Invoking command in '/home/vijay/roverr_ws/build/k12_description': CMAKE_PREFIX_PATH=/opt/ros/humble /usr/bin/cmake --install /home/vijay/roverr_ws/build/k12_description
[0.979s] -- Install configuration: ""
[0.979s] -- Execute custom install script
[0.979s] -- Up-to-date symlink: /home/vijay/roverr_ws/install/k12_description/lib/k12_description/teleop_control
[0.979s] -- Up-to-date symlink: /home/vijay/roverr_ws/install/k12_description/share/k12_description/launch/display.launch.py
[0.979s] -- Up-to-date symlink: /home/vijay/roverr_ws/install/k12_description/share/k12_description/launch/gazebo.launch.py
[0.980s] -- Up-to-date symlink: /home/vijay/roverr_ws/install/k12_description/share/k12_description/launch/navigation.launch.py
[0.980s] -- Up-to-date symlink: /home/vijay/roverr_ws/install/k12_description/share/k12_description/launch/online_async.launch.py
[0.980s] -- Up-to-date symlink: /home/vijay/roverr_ws/install/k12_description/share/k12_description/meshes/base_link.stl
[0.980s] -- Up-to-date symlink: /home/vijay/roverr_ws/install/k12_description/share/k12_description/meshes/cam_1.stl
[0.980s] -- Up-to-date symlink: /home/vijay/roverr_ws/install/k12_description/share/k12_description/meshes/gps_1.stl
[0.980s] -- Up-to-date symlink: /home/vijay/roverr_ws/install/k12_description/share/k12_description/meshes/imu_1.stl
[0.980s] -- Up-to-date symlink: /home/vijay/roverr_ws/install/k12_description/share/k12_description/meshes/left_back_1.stl
[0.980s] -- Up-to-date symlink: /home/vijay/roverr_ws/install/k12_description/share/k12_description/meshes/left_front_1.stl
[0.980s] -- Up-to-date symlink: /home/vijay/roverr_ws/install/k12_description/share/k12_description/meshes/lidar_1.stl
[0.980s] -- Up-to-date symlink: /home/vijay/roverr_ws/install/k12_description/share/k12_description/meshes/right_back_1.stl
[0.980s] -- Up-to-date symlink: /home/vijay/roverr_ws/install/k12_description/share/k12_description/meshes/right_front_1.stl
[0.980s] -- Up-to-date symlink: /home/vijay/roverr_ws/install/k12_description/share/k12_description/urdf/k12.gazebo
[0.980s] -- Up-to-date symlink: /home/vijay/roverr_ws/install/k12_description/share/k12_description/urdf/k12.trans
[0.980s] -- Up-to-date symlink: /home/vijay/roverr_ws/install/k12_description/share/k12_description/urdf/k12.xacro
[0.980s] -- Up-to-date symlink: /home/vijay/roverr_ws/install/k12_description/share/k12_description/urdf/materials.xacro
[0.980s] -- Up-to-date symlink: /home/vijay/roverr_ws/install/k12_description/share/k12_description/config/mapper_params_online_async.yaml
[0.980s] -- Up-to-date symlink: /home/vijay/roverr_ws/install/k12_description/share/ament_index/resource_index/package_run_dependencies/k12_description
[0.980s] -- Up-to-date symlink: /home/vijay/roverr_ws/install/k12_description/share/ament_index/resource_index/parent_prefix_path/k12_description
[0.981s] -- Up-to-date symlink: /home/vijay/roverr_ws/install/k12_description/share/k12_description/environment/ament_prefix_path.sh
[0.981s] -- Up-to-date symlink: /home/vijay/roverr_ws/install/k12_description/share/k12_description/environment/ament_prefix_path.dsv
[0.981s] -- Up-to-date symlink: /home/vijay/roverr_ws/install/k12_description/share/k12_description/environment/path.sh
[0.981s] -- Up-to-date symlink: /home/vijay/roverr_ws/install/k12_description/share/k12_description/environment/path.dsv
[0.981s] -- Up-to-date symlink: /home/vijay/roverr_ws/install/k12_description/share/k12_description/local_setup.bash
[0.981s] -- Up-to-date symlink: /home/vijay/roverr_ws/install/k12_description/share/k12_description/local_setup.sh
[0.981s] -- Up-to-date symlink: /home/vijay/roverr_ws/install/k12_description/share/k12_description/local_setup.zsh
[0.981s] -- Up-to-date symlink: /home/vijay/roverr_ws/install/k12_description/share/k12_description/local_setup.dsv
[0.981s] -- Symlinking: /home/vijay/roverr_ws/install/k12_description/share/k12_description/package.dsv
[0.988s] -- Up-to-date symlink: /home/vijay/roverr_ws/install/k12_description/share/ament_index/resource_index/packages/k12_description
[0.988s] -- Up-to-date symlink: /home/vijay/roverr_ws/install/k12_description/share/k12_description/cmake/k12_descriptionConfig.cmake
[0.988s] -- Up-to-date symlink: /home/vijay/roverr_ws/install/k12_description/share/k12_description/cmake/k12_descriptionConfig-version.cmake
[0.988s] -- Up-to-date symlink: /home/vijay/roverr_ws/install/k12_description/share/k12_description/package.xml
[0.989s] Invoked command in '/home/vijay/roverr_ws/build/k12_description' returned '0': CMAKE_PREFIX_PATH=/opt/ros/humble /usr/bin/cmake --install /home/vijay/roverr_ws/build/k12_description
