[0.008s] Invoking command in '/home/vijay/roverr_ws/build/k12_description': CMAKE_PREFIX_PATH=${CMAKE_PREFIX_PATH}:/opt/ros/humble /usr/bin/cmake --build /home/vijay/roverr_ws/build/k12_description -- -j12 -l12
[0.052s] [100%] Built target teleop_control
[0.062s] Invoked command in '/home/vijay/roverr_ws/build/k12_description' returned '0': CMAKE_PREFIX_PATH=${CMAKE_PREFIX_PATH}:/opt/ros/humble /usr/bin/cmake --build /home/vijay/roverr_ws/build/k12_description -- -j12 -l12
[0.071s] Invoking command in '/home/vijay/roverr_ws/build/k12_description': CMAKE_PREFIX_PATH=${CMAKE_PREFIX_PATH}:/opt/ros/humble /usr/bin/cmake --install /home/vijay/roverr_ws/build/k12_description
[0.076s] -- Install configuration: ""
[0.076s] -- Execute custom install script
[0.076s] -- Up-to-date symlink: /home/vijay/roverr_ws/install/k12_description/lib/k12_description/teleop_control
[0.077s] -- Up-to-date symlink: /home/vijay/roverr_ws/install/k12_description/share/k12_description/launch/display.launch.py
[0.077s] -- Up-to-date symlink: /home/vijay/roverr_ws/install/k12_description/share/k12_description/launch/gazebo.launch.py
[0.077s] -- Up-to-date symlink: /home/vijay/roverr_ws/install/k12_description/share/k12_description/launch/navigation.launch.py
[0.077s] -- Up-to-date symlink: /home/vijay/roverr_ws/install/k12_description/share/k12_description/launch/online_async.launch.py
[0.077s] -- Up-to-date symlink: /home/vijay/roverr_ws/install/k12_description/share/k12_description/meshes/base_link.stl
[0.077s] -- Up-to-date symlink: /home/vijay/roverr_ws/install/k12_description/share/k12_description/meshes/cam_1.stl
[0.077s] -- Up-to-date symlink: /home/vijay/roverr_ws/install/k12_description/share/k12_description/meshes/gps_1.stl
[0.077s] -- Up-to-date symlink: /home/vijay/roverr_ws/install/k12_description/share/k12_description/meshes/imu_1.stl
[0.077s] -- Up-to-date symlink: /home/vijay/roverr_ws/install/k12_description/share/k12_description/meshes/left_back_1.stl
[0.077s] -- Up-to-date symlink: /home/vijay/roverr_ws/install/k12_description/share/k12_description/meshes/left_front_1.stl
[0.077s] -- Up-to-date symlink: /home/vijay/roverr_ws/install/k12_description/share/k12_description/meshes/lidar_1.stl
[0.077s] -- Up-to-date symlink: /home/vijay/roverr_ws/install/k12_description/share/k12_description/meshes/right_back_1.stl
[0.077s] -- Up-to-date symlink: /home/vijay/roverr_ws/install/k12_description/share/k12_description/meshes/right_front_1.stl
[0.077s] -- Up-to-date symlink: /home/vijay/roverr_ws/install/k12_description/share/k12_description/urdf/k12.gazebo
[0.077s] -- Up-to-date symlink: /home/vijay/roverr_ws/install/k12_description/share/k12_description/urdf/k12.trans
[0.077s] -- Up-to-date symlink: /home/vijay/roverr_ws/install/k12_description/share/k12_description/urdf/k12.xacro
[0.077s] -- Up-to-date symlink: /home/vijay/roverr_ws/install/k12_description/share/k12_description/urdf/materials.xacro
[0.077s] -- Up-to-date symlink: /home/vijay/roverr_ws/install/k12_description/share/k12_description/config/mapper_params_online_async.yaml
[0.077s] -- Up-to-date symlink: /home/vijay/roverr_ws/install/k12_description/share/k12_description/models/my_model/model.config
[0.078s] -- Up-to-date symlink: /home/vijay/roverr_ws/install/k12_description/share/k12_description/models/my_model/model.sdf
[0.078s] -- Up-to-date symlink: /home/vijay/roverr_ws/install/k12_description/share/k12_description/worlds/rover_gazebo.world
[0.078s] -- Up-to-date symlink: /home/vijay/roverr_ws/install/k12_description/share/ament_index/resource_index/package_run_dependencies/k12_description
[0.078s] -- Up-to-date symlink: /home/vijay/roverr_ws/install/k12_description/share/ament_index/resource_index/parent_prefix_path/k12_description
[0.078s] -- Up-to-date symlink: /home/vijay/roverr_ws/install/k12_description/share/k12_description/environment/ament_prefix_path.sh
[0.078s] -- Up-to-date symlink: /home/vijay/roverr_ws/install/k12_description/share/k12_description/environment/ament_prefix_path.dsv
[0.078s] -- Up-to-date symlink: /home/vijay/roverr_ws/install/k12_description/share/k12_description/environment/path.sh
[0.078s] -- Up-to-date symlink: /home/vijay/roverr_ws/install/k12_description/share/k12_description/environment/path.dsv
[0.078s] -- Up-to-date symlink: /home/vijay/roverr_ws/install/k12_description/share/k12_description/local_setup.bash
[0.078s] -- Up-to-date symlink: /home/vijay/roverr_ws/install/k12_description/share/k12_description/local_setup.sh
[0.078s] -- Up-to-date symlink: /home/vijay/roverr_ws/install/k12_description/share/k12_description/local_setup.zsh
[0.078s] -- Up-to-date symlink: /home/vijay/roverr_ws/install/k12_description/share/k12_description/local_setup.dsv
[0.078s] -- Symlinking: /home/vijay/roverr_ws/install/k12_description/share/k12_description/package.dsv
[0.084s] -- Up-to-date symlink: /home/vijay/roverr_ws/install/k12_description/share/ament_index/resource_index/packages/k12_description
[0.084s] -- Up-to-date symlink: /home/vijay/roverr_ws/install/k12_description/share/k12_description/cmake/k12_descriptionConfig.cmake
[0.084s] -- Up-to-date symlink: /home/vijay/roverr_ws/install/k12_description/share/k12_description/cmake/k12_descriptionConfig-version.cmake
[0.084s] -- Up-to-date symlink: /home/vijay/roverr_ws/install/k12_description/share/k12_description/package.xml
[0.085s] Invoked command in '/home/vijay/roverr_ws/build/k12_description' returned '0': CMAKE_PREFIX_PATH=${CMAKE_PREFIX_PATH}:/opt/ros/humble /usr/bin/cmake --install /home/vijay/roverr_ws/build/k12_description
